Test output from batch file 
